---
source: src/canvas.rs
expression: ppm
---
"P3 5 3 255\n255 0 0 0 0 0 0 0 0 0 0 0 0 0 0 \n0 0 0 0 0 0 0 127 0 0 0 0 0 0 0 \n0 0 0 0 0 0 0 0 0 0 0 0 0 0 255 "
